>>> "Chai" * 4
'ChaiChaiChaiChai'
------------------------------------------------------------------------------
------------------------------------------------------------------------------
>>> import os
>>> os.getcwd()
'D:\\PYTHON LEARNING'
------------------------------------------------------------------------------
------------------------------------------------------------------------------
>>> for c in "YASH":
...         print(c)
...         
Y
A
S
H
------------------------------------------------------------------------------
------------------------------------------------------------------------------
>>> import sys
>>> sys.platform
'win32'
------------------------------------------------------------------------------
------------------------------------------------------------------------------
>>> import hello_chai
Chai Aur Code!
Yash Mahajan.
------------------------------------------------------------------------------
------------------------------------------------------------------------------
>>> hello_chai.chai("MAHAJAN")
MAHAJAN
------------------------------------------------------------------------------
------------------------------------------------------------------------------
>>> hello_chai.chai_one
Traceback (most recent call last):
  File "<python-input-2>", line 1, in <module>
    hello_chai.chai_one
AttributeError: module 'hello_chai' has no attribute 'chai_one'
------------------------------------------------------------------------------
------------------------------------------------------------------------------
>>> from importlib import reload
>>> reload(hello_chai)
Chai Aur Code!
Yash Mahajan.
<module 'hello_chai' from 'D:\\PYTHON LEARNING\\01_basics\\hello_chai.py'>
------------------------------------------------------------------------------
------------------------------------------------------------------------------
>>> hello_chai.chai_one
'lemon tea'
>>> hello_chai.chai_two
'mint tea'
>>> hello_chai.chai_three
'masala chai'